[0;34m[*][0m Target: --help
[0;34m[*][0m Mode: full
[0;34m[*][0m Output: /mnt/c/Users/awad/Downloads/pyarmor/auto_PenTest/xxe_results/scan_20260524_164232
[0;34m[*][0m Timestamp: 20260524_164232

[0;36m───────────────────────────────────────────────────────[0m
[1;37m[1m  DEPENDENCY CHECK[0m
[0;36m───────────────────────────────────────────────────────[0m
[0;32m[✓][0m curl found: curl 8.17.0 (x86_64-pc-linux-gnu) libcurl/8.17.0 OpenSSL/3.5.4 zlib/1.3.1 brotli/1.1.0 zstd/1.5.7 libidn2/2.3.8 libpsl/0.21.2 libssh2/1.11.1 nghttp2/1.64.0 ngtcp2/1.16.0 nghttp3/1.12.0 librtmp/2.3 mit-krb5/1.21.3 OpenLDAP/2.6.10
[0;32m[✓][0m ruby found: ruby 3.3.8 (2025-04-09 revision b200bad6cd) [x86_64-linux-gnu]
[1;33m[!][0m XXEinjector not installed
[0;32m[✓][0m Payloads directory found (10 payloads)

[0;36m───────────────────────────────────────────────────────[0m
[1;37m[1m  FULL COMPREHENSIVE XXE SCAN[0m
[0;36m───────────────────────────────────────────────────────[0m
[0;34m[*][0m Running all detection and exploitation techniques...

[0;36m───────────────────────────────────────────────────────[0m
[1;37m[1m  XML PARSER DETECTION[0m
[0;36m───────────────────────────────────────────────────────[0m
[0;35m[TEST][0m Test 1: Sending well-formed XML...
[1;33m[!][0m Server did not accept XML POST (HTTP 000)
[0;35m[TEST][0m Test 2: Sending malformed XML...
[0;35m[TEST][0m Test 3: Testing internal entity processing...
[0;35m[TEST][0m Test 4: Testing Content-Type switching...
[0;35m[TEST][0m Test 5: Checking DOCTYPE handling...
[0;32m[✓][0m DOCTYPE not explicitly blocked
[1;33m[!][0m Could not confirm XML parser on target

